-lSDL
-lSDL.dll
-lSDLmain
-laclui
-ladvapi32
-lapcups
-lasprintf
-lasprintf
-lasprintf.dll
-lavicap32
-lavifil32
-lbfd
-lbfd
-lcap
-lcfgmgr32
-lcharset
-lcharset
-lcharset.dll
-lcoldname
-lcomctl32
-lcomdlg32
-lcrtdll
-lcrypt32
-lctl3d32
-ld3d8
-ld3d9
-ld3dim
-ld3drm
-ld3dx8d
-ld3dx9d
-ld3dxof
-lddraw
-ldhcpcsvc
-ldinput
-ldinput8
-ldlcapi
-ldmoguids
-ldnsapi
-ldplayx
-ldpnaddr
-ldpnet
-ldpnlobby
-ldpvoice
-ldsetup
-ldsound
-ldxapi
-ldxerr8
-ldxerr9
-ldxguid
-lfaultrep
-lfl
-lfreeglut
-lfrtbegin
-lg2c
-lg2c
-lgdi32
-lgettextlib
-lgettextlib.dll
-lgettextpo
-lgettextpo
-lgettextpo.dll
-lgettextsrc
-lgettextsrc.dll
-lglaux
-lglib-2.0
-lglib-2.0.dll
-lglu32
-lglut
-lglut32
-lglut32win
-lgmodule-2.0
-lgmodule-2.0.dll
-lgmon
-lgnurx.dll
-lgobject-2.0
-lgobject-2.0.dll
-lgthread-2.0
-lgthread-2.0.dll
-lhal
-lhid
-lhidparse
-liberty
-licmui
-liconv
-liconv.dll
-ligmpagnt
-limagehlp
-limm32
-lintl
-lintl
-lintl.dll
-liphlpapi
-litclstub32
-litkstub32
-lkernel32
-lksproxy
-lksuser
-llargeint
-lltdl
-lltdl
-lltdl.dll
-llz32
-lm
-lmapi32
-lmcd
-lmfcuia32
-lmgmtapi
-lmingw32
-lmingwex
-lmingwthrd
-lmoldname
-lmoldnamed
-lmpr
-lmprapi
-lmqrt
-lmsacm32
-lmscms
-lmsdmo
-lmsimg32
-lmsvcp60
-lmsvcr70
-lmsvcr70d
-lmsvcr71
-lmsvcr71d
-lmsvcr80
-lmsvcr80d
-lmsvcrt
-lmsvcrtd
-lmsvfw32
-lmswsock
-lnddeapi
-lndis
-lnetapi32
-lnewdev
-lntdll
-lntoskrnl
-lodbc32
-lodbccp32
-lole32
-loleacc
-loleaut32
-lolecli32
-loledlg
-lolepro32
-lolesvr32
-lopcodes
-lopcodes
-lopengl32
-lpenwin32
-lpkpd32
-lpowrprof
-lpsapi
-lpthreadGC2
-lpthreadGCE2
-lquartz
-lrapi
-lrasapi32
-lrasdlg
-lregex
-lregex
-lregex.dll
-lrpcdce4
-lrpcns4
-lrpcrt4
-lrtm
-lrtutils
-lscrnsave
-lscrnsavw
-lscsiport
-lsecur32
-lsetupapi
-lshell32
-lshfolder
-lshlwapi
-lsnmpapi
-lstdc++
-lstdc++
-lstrmiids
-lsupc++
-lsupc++
-lsvrapi
-ltapi32
-ltcl84
-ltclstub84
-ltdi
-lth32
-lthunk32
-ltk84
-ltkstub84
-lurl
-lusbcamd
-lusbcamd2
-luser32
-luserenv
-lusp10
-luuid
-luxtheme
-lvdmdbg
-lversion
-lvfw32
-lvideoprt
-lwin32k
-lwin32spl
-lwininet
-lwinmm
-lwinspool
-lwinstrm
-lwldap32
-lwow32
-lws2_32
-lwsnmp32
-lwsock32
-lwst
-lwtsapi32
-ly
